2026-01-28 07:06:13,871 - INFO - Created data directory: pse_data
2026-01-28 07:06:13,871 - INFO - Starting PSE stock monitoring...
2026-01-28 07:06:13,871 - INFO - Monitoring symbols: RCR, BDO, SMC, JFC, MEG
2026-01-28 07:06:13,871 - INFO - Monitoring interval: 300 seconds
2026-01-28 07:06:13,871 - INFO - Processing RCR...
2026-01-28 07:06:13,871 - INFO - Analyzing RCR...
2026-01-28 07:06:16,616 - ERROR - Error fetching RCR from PHISIX: HTTPSConnectionPool(host='api.phisix.xyz', port=443): Max retries exceeded with url: /stocks.json (Caused by NameResolutionError("<urllib3.connection.HTTPSConnection object at 0x7567e08cdc40>: Failed to resolve 'api.phisix.xyz' ([Errno -2] Name or service not known)"))
2026-01-28 07:06:16,627 - ERROR - Error fetching RCR from PSE API: HTTPSConnectionPool(host='pseapi.com', port=443): Max retries exceeded with url: /api/stock?symbol=RCR (Caused by NameResolutionError("<urllib3.connection.HTTPSConnection object at 0x7567e08cd0d0>: Failed to resolve 'pseapi.com' ([Errno -2] Name or service not known)"))
2026-01-28 07:06:16,627 - WARNING - Could not fetch current price for RCR
2026-01-28 07:06:18,069 - ERROR - Error fetching RCR from PHISIX: HTTPSConnectionPool(host='api.phisix.xyz', port=443): Max retries exceeded with url: /stocks.json (Caused by NameResolutionError("<urllib3.connection.HTTPSConnection object at 0x7567e08ce6c0>: Failed to resolve 'api.phisix.xyz' ([Errno -2] Name or service not known)"))
2026-01-28 07:06:18,070 - ERROR - Error fetching RCR from PSE API: HTTPSConnectionPool(host='pseapi.com', port=443): Max retries exceeded with url: /api/stock?symbol=RCR (Caused by NameResolutionError("<urllib3.connection.HTTPSConnection object at 0x7567e08cdf40>: Failed to resolve 'pseapi.com' ([Errno -2] Name or service not known)"))
2026-01-28 07:06:18,070 - WARNING - Could not fetch current price for RCR
2026-01-28 07:06:20,070 - INFO - Processing BDO...
2026-01-28 07:06:20,070 - INFO - Analyzing BDO...
2026-01-28 07:06:21,560 - ERROR - Error fetching BDO from PHISIX: HTTPSConnectionPool(host='api.phisix.xyz', port=443): Max retries exceeded with url: /stocks.json (Caused by NameResolutionError("<urllib3.connection.HTTPSConnection object at 0x7567e08cd490>: Failed to resolve 'api.phisix.xyz' ([Errno -2] Name or service not known)"))
2026-01-28 07:06:21,562 - ERROR - Error fetching BDO from PSE API: HTTPSConnectionPool(host='pseapi.com', port=443): Max retries exceeded with url: /api/stock?symbol=BDO (Caused by NameResolutionError("<urllib3.connection.HTTPSConnection object at 0x7567e08ce5a0>: Failed to resolve 'pseapi.com' ([Errno -2] Name or service not known)"))
2026-01-28 07:06:21,562 - WARNING - Could not fetch current price for BDO
2026-01-28 07:06:23,041 - ERROR - Error fetching BDO from PHISIX: HTTPSConnectionPool(host='api.phisix.xyz', port=443): Max retries exceeded with url: /stocks.json (Caused by NameResolutionError("<urllib3.connection.HTTPSConnection object at 0x7567e08cf6b0>: Failed to resolve 'api.phisix.xyz' ([Errno -2] Name or service not known)"))
2026-01-28 07:06:23,043 - ERROR - Error fetching BDO from PSE API: HTTPSConnectionPool(host='pseapi.com', port=443): Max retries exceeded with url: /api/stock?symbol=BDO (Caused by NameResolutionError("<urllib3.connection.HTTPSConnection object at 0x7567e08cede0>: Failed to resolve 'pseapi.com' ([Errno -2] Name or service not known)"))
2026-01-28 07:06:23,043 - WARNING - Could not fetch current price for BDO
2026-01-28 07:06:25,043 - INFO - Processing SMC...
2026-01-28 07:06:25,043 - INFO - Analyzing SMC...
2026-01-28 07:06:26,529 - ERROR - Error fetching SMC from PHISIX: HTTPSConnectionPool(host='api.phisix.xyz', port=443): Max retries exceeded with url: /stocks.json (Caused by NameResolutionError("<urllib3.connection.HTTPSConnection object at 0x7567e08cfce0>: Failed to resolve 'api.phisix.xyz' ([Errno -2] Name or service not known)"))
2026-01-28 07:06:26,530 - ERROR - Error fetching SMC from PSE API: HTTPSConnectionPool(host='pseapi.com', port=443): Max retries exceeded with url: /api/stock?symbol=SMC (Caused by NameResolutionError("<urllib3.connection.HTTPSConnection object at 0x7567e08ceb40>: Failed to resolve 'pseapi.com' ([Errno -2] Name or service not known)"))
2026-01-28 07:06:26,530 - WARNING - Could not fetch current price for SMC
2026-01-28 07:06:27,979 - ERROR - Error fetching SMC from PHISIX: HTTPSConnectionPool(host='api.phisix.xyz', port=443): Max retries exceeded with url: /stocks.json (Caused by NameResolutionError("<urllib3.connection.HTTPSConnection object at 0x7567e08cc830>: Failed to resolve 'api.phisix.xyz' ([Errno -2] Name or service not known)"))
2026-01-28 07:06:27,980 - ERROR - Error fetching SMC from PSE API: HTTPSConnectionPool(host='pseapi.com', port=443): Max retries exceeded with url: /api/stock?symbol=SMC (Caused by NameResolutionError("<urllib3.connection.HTTPSConnection object at 0x7567e08cf3e0>: Failed to resolve 'pseapi.com' ([Errno -2] Name or service not known)"))
2026-01-28 07:06:27,980 - WARNING - Could not fetch current price for SMC
2026-01-28 07:06:29,981 - INFO - Processing JFC...
2026-01-28 07:06:29,981 - INFO - Analyzing JFC...
2026-01-28 07:06:31,494 - ERROR - Error fetching JFC from PHISIX: HTTPSConnectionPool(host='api.phisix.xyz', port=443): Max retries exceeded with url: /stocks.json (Caused by NameResolutionError("<urllib3.connection.HTTPSConnection object at 0x7567e08ce270>: Failed to resolve 'api.phisix.xyz' ([Errno -2] Name or service not known)"))
2026-01-28 07:06:31,496 - ERROR - Error fetching JFC from PSE API: HTTPSConnectionPool(host='pseapi.com', port=443): Max retries exceeded with url: /api/stock?symbol=JFC (Caused by NameResolutionError("<urllib3.connection.HTTPSConnection object at 0x7567e08f8b90>: Failed to resolve 'pseapi.com' ([Errno -2] Name or service not known)"))
2026-01-28 07:06:31,496 - WARNING - Could not fetch current price for JFC
2026-01-28 07:06:32,956 - ERROR - Error fetching JFC from PHISIX: HTTPSConnectionPool(host='api.phisix.xyz', port=443): Max retries exceeded with url: /stocks.json (Caused by NameResolutionError("<urllib3.connection.HTTPSConnection object at 0x7567e08cea80>: Failed to resolve 'api.phisix.xyz' ([Errno -2] Name or service not known)"))
2026-01-28 07:06:32,958 - ERROR - Error fetching JFC from PSE API: HTTPSConnectionPool(host='pseapi.com', port=443): Max retries exceeded with url: /api/stock?symbol=JFC (Caused by NameResolutionError("<urllib3.connection.HTTPSConnection object at 0x7567e08cf200>: Failed to resolve 'pseapi.com' ([Errno -2] Name or service not known)"))
2026-01-28 07:06:32,958 - WARNING - Could not fetch current price for JFC
2026-01-28 07:06:34,958 - INFO - Processing MEG...
2026-01-28 07:06:34,958 - INFO - Analyzing MEG...
2026-01-28 07:06:36,432 - ERROR - Error fetching MEG from PHISIX: HTTPSConnectionPool(host='api.phisix.xyz', port=443): Max retries exceeded with url: /stocks.json (Caused by NameResolutionError("<urllib3.connection.HTTPSConnection object at 0x7567e08cee40>: Failed to resolve 'api.phisix.xyz' ([Errno -2] Name or service not known)"))
2026-01-28 07:06:36,433 - ERROR - Error fetching MEG from PSE API: HTTPSConnectionPool(host='pseapi.com', port=443): Max retries exceeded with url: /api/stock?symbol=MEG (Caused by NameResolutionError("<urllib3.connection.HTTPSConnection object at 0x7567e08cd790>: Failed to resolve 'pseapi.com' ([Errno -2] Name or service not known)"))
2026-01-28 07:06:36,433 - WARNING - Could not fetch current price for MEG
2026-01-28 07:06:37,922 - ERROR - Error fetching MEG from PHISIX: HTTPSConnectionPool(host='api.phisix.xyz', port=443): Max retries exceeded with url: /stocks.json (Caused by NameResolutionError("<urllib3.connection.HTTPSConnection object at 0x7567e08f8f50>: Failed to resolve 'api.phisix.xyz' ([Errno -2] Name or service not known)"))
2026-01-28 07:06:37,924 - ERROR - Error fetching MEG from PSE API: HTTPSConnectionPool(host='pseapi.com', port=443): Max retries exceeded with url: /api/stock?symbol=MEG (Caused by NameResolutionError("<urllib3.connection.HTTPSConnection object at 0x7567e08f8e90>: Failed to resolve 'pseapi.com' ([Errno -2] Name or service not known)"))
2026-01-28 07:06:37,924 - WARNING - Could not fetch current price for MEG
